
> junglesystem@0.0.1 windows:signed
> powershell -NoProfile -ExecutionPolicy Bypass -File scripts/run-windows-signed.ps1


> junglesystem@0.0.1 windows
> react-native run-windows

- Restoring NuGet packages 
MSBuild version 18.8.2+ce25c0108 for .NET Framework
Build started 7/23/2026 11:24:17 PM.

Project "E:\Data\Dunia-Anura\KolamWindows\windows\KolamWindows.sln" on node 1 (Restore target(s)).
ValidateSolutionConfiguration:
  Building solution configuration "Debug|x64".
_GetAllRestoreProjectPathItems:
  Determining projects to restore...
Restore:
  X.509 certificate chain validation will use the default trust store selected by .NET for code signing.
  X.509 certificate chain validation will use the default trust store selected by .NET for timestamping.
Done Building Project "E:\Data\Dunia-Anura\KolamWindows\windows\KolamWindows.sln" (Restore target(s)).

Build succeeded.
    0 Warning(s)
    0 Error(s)

Time Elapsed 00:00:00.60
√ Restoring NuGet packages 
- Auto-linking...
√ Auto-linking...
Success: No auto-linking changes necessary. (17ms)
- Found Solution: E:\Data\Dunia-Anura\KolamWindows\windows\KolamWindows.sln
√ Found Solution: E:\Data\Dunia-Anura\KolamWindows\windows\KolamWindows.sln
- Build configuration: Debug
i Build configuration: Debug
- Build platform: x64
i Build platform: x64
- Building Solution
√ Building Solution
- Starting the React-Native Server
√ Starting the React-Native Server
- Enabling Developer Mode
√ Enabling Developer Mode
- Deploying
√ Deploying E:/Data/Dunia-Anura/KolamWindows/windows/KolamWindows.Package/bin/x64/Debug/KolamWindows.Package.build.appxrecipe
- Verifying loopbackExempt
√ Verifying loopbackExempt
- Starting the app
√ Starting the app
